[19:31:52] Agent started
[19:32:18] AUTH successful
[19:32:41] SYSINFO requested
[19:33:15] MONITOR START
[19:33:18] MONITOR STOP
[19:35:02] AUTH successful
[19:35:13] SYSINFO requested
[20:30:45] Agent started
[20:31:20] AUTH successful
[20:31:28] EXEC rejected: command not allowed
[20:31:52] Unknown command received
[22:38:45] Client requested QUIT
[22:57:13] Agent started
[00:21:27] Client disconnected
[09:47:38] Agent started
[09:48:05] AUTH successful
[09:49:48] Unknown command received
[09:49:55] Client disconnected
[09:50:04] AUTH successful
[09:50:16] PUT test.txt
[09:52:30] GET test.txt
[13:03:27] Agent started
